// Jest Snapshot v1, https://goo.gl/fbAQLP

exports[`should render the SidebarFooter component 1`] = `
"<nav className=\\"nav-footer\\">
  <p className=\\"nav-footer-social-buttons\\">
    <a className=\\"fa-icon\\" target=\\"_blank\\" href=\\"https://www.instagram.com/magister_zito\\" title=\\"\\">
      <i className=\\"fab fa-instagram\\" aria-hidden=\\"true\\" />
    </a>
    <a className=\\"fa-icon\\" target=\\"_blank\\" href=\\"https://www.youtube.com/channel/UCg3SBNPF1QyMeL-GtrKkvRQ/about?view_as=public\\" title=\\"\\">
      <i className=\\"fab fa-youtube\\" aria-hidden=\\"true\\" />
    </a>
    <a className=\\"fa-icon\\" target=\\"_blank\\" href=\\"https://github.com/MatthewZito\\" title=\\"\\">
      <i className=\\"fab fa-github\\" aria-hidden=\\"true\\" />
    </a>
  </p>
  <p>
    Â© goldmund
  </p>
</nav>"
`;
